Only loopback is available in this network namespace:
lo               UNKNOWN        127.0.0.1/8 ::1/128 

> deadlock-build-optimizer@1.0.0 build
> tsc -b && vite build

vite v6.4.3 building for production...
transforming...
✓ 1583 modules transformed.
rendering chunks...
computing gzip size...
dist/index.html                   0.92 kB │ gzip:  0.56 kB
dist/assets/index-BeTWtRIE.css   15.97 kB │ gzip:  4.21 kB
dist/assets/index-Cks_oJ8n.js   226.22 kB │ gzip: 71.96 kB
✓ built in 2.25s

> deadlock-build-optimizer@1.0.0 test
> tsx --test tests/*.test.ts

✔ snapshots cover every active hero and all current shop assets (3.3949ms)
﹣ strict >=200 shopable criterion is transparently reported, never faked (0.2185ms) # UPSTREAM LIMITATION: 173 shopable, 251 catalog items
✔ every hero deterministically generates distinct legal 15-purchase plans (2703.105593ms)
✔ all heroes have four real abilities with legal unlocks and 1/2/5 AP upgrades (894.769798ms)
✔ validation sample contains at least 20 real Infernus matches, disjoint from training (2.3392ms)
✔ core threshold is unweighted 30%, repeats count once, wins weight frequency and timing (0.6363ms)
✔ validation penalizes extra/missing items and reversed shared purchase order (24.4268ms)
✔ generator has no player/validation dependency or hidden filesystem access (0.7531ms)
✔ personalization uses standard-mode match data and correct median (1.3567ms)
✔ detail text preserves source values and strips executable markup (14.6919ms)
ℹ tests 10
ℹ suites 0
ℹ pass 9
ℹ fail 0
ℹ cancelled 0
ℹ skipped 1
ℹ todo 0
ℹ duration_ms 4253.466189

> deadlock-build-optimizer@1.0.0 validate
> tsx scripts/validate.ts

[
  {
    "name": "Afterburn engine",
    "agreement": 31,
    "overlap": 0.14448292924294906,
    "order": 0.7,
    "shared": 5,
    "coreCount": 24,
    "pairs": 10
  },
  {
    "name": "Bullet pressure",
    "agreement": 34,
    "overlap": 0.06316254416961131,
    "order": 1,
    "shared": 2,
    "coreCount": 24,
    "pairs": 1
  }
]

> deadlock-build-optimizer@1.0.0 verify:browser
> tsx scripts/verify-browser.ts

{
  "testedAt": "2026-09-05T05:03:49.966Z",
  "viewport": "390×844",
  "productionBuild": true,
  "externalNetwork": "blocked",
  "externalRequests": [],
  "consoleErrors": [],
  "heroesTested": 38,
  "buildsPerHero": 2,
  "viewsPerBuild": 3,
  "detailCardsVerified": 30,
  "keyboardEscapeAndFocus": true,
  "horizontalOverflow": false,
  "tapTargetsAtLeast40px": true
}
